COMBAT_LOG_VERSION,9,2026-07-29 17:00:00,TBC Anniversary fixture
7/29/2026 17:00:00.000  ZONE_CHANGE,0,"Shattrath City"
7/29/2026 17:01:00.000  ZONE_CHANGE,559,"Nagrand Arena"
7/29/2026 17:01:05.100  SPELL_CAST_SUCCESS,Player-1-AAA00001,"Dotkill-Nightslayer",0x511,0x0,Player-1-BBB00002,"Stabby-Nightslayer",0x548,0x0,27216,"Corruption",0x20
7/29/2026 17:01:05.120  SPELL_AURA_APPLIED,Player-1-AAA00001,"Dotkill-Nightslayer",0x511,0x0,Player-1-BBB00002,"Stabby-Nightslayer",0x548,0x0,27216,"Corruption",0x20,DEBUFF
7/29/2026 17:01:05.500  SPELL_CAST_SUCCESS,Player-1-CCC00003,"Healy-Nightslayer",0x512,0x0,Player-1-AAA00001,"Dotkill-Nightslayer",0x511,0x0,25222,"Renew",0x2
7/29/2026 17:01:05.520  SPELL_AURA_APPLIED,Player-1-CCC00003,"Healy-Nightslayer",0x512,0x0,Player-1-AAA00001,"Dotkill-Nightslayer",0x511,0x0,25222,"Renew",0x2,BUFF
7/29/2026 17:01:06.200  SPELL_CAST_SUCCESS,Player-1-BBB00002,"Stabby-Nightslayer",0x548,0x0,Player-1-AAA00001,"Dotkill-Nightslayer",0x511,0x0,26884,"Garrote",0x1
7/29/2026 17:01:06.220  SPELL_AURA_APPLIED,Player-1-BBB00002,"Stabby-Nightslayer",0x548,0x0,Player-1-AAA00001,"Dotkill-Nightslayer",0x511,0x0,26884,"Garrote",0x1,DEBUFF
7/29/2026 17:01:06.221  SPELL_AURA_APPLIED,Player-1-BBB00002,"Stabby-Nightslayer",0x548,0x0,Player-1-AAA00001,"Dotkill-Nightslayer",0x511,0x0,1330,"Garrote - Silence",0x1,DEBUFF
7/29/2026 17:01:07.000  SPELL_CAST_SUCCESS,Player-1-DDD00004,"Polybot-Nightslayer",0x548,0x0,Player-1-AAA00001,"Dotkill-Nightslayer",0x511,0x0,12826,"Polymorph",0x40
7/29/2026 17:01:08.500  SPELL_AURA_APPLIED,Player-1-DDD00004,"Polybot-Nightslayer",0x548,0x0,Player-1-AAA00001,"Dotkill-Nightslayer",0x511,0x0,12826,"Polymorph",0x40,DEBUFF
7/29/2026 17:01:09.000  SPELL_CAST_SUCCESS,Player-1-AAA00001,"Dotkill-Nightslayer",0x511,0x0,Player-1-BBB00002,"Stabby-Nightslayer",0x548,0x0,27223,"Death Coil",0x20
7/29/2026 17:01:09.050  SPELL_DAMAGE,Player-1-AAA00001,"Dotkill-Nightslayer",0x511,0x0,Player-1-BBB00002,"Stabby-Nightslayer",0x548,0x0,27223,"Death Coil",0x20,1200,0,32,0,0,0,nil,nil,nil
7/29/2026 17:01:10.000  SPELL_AURA_REMOVED,Player-1-DDD00004,"Polybot-Nightslayer",0x548,0x0,Player-1-AAA00001,"Dotkill-Nightslayer",0x511,0x0,12826,"Polymorph",0x40,DEBUFF
7/29/2026 17:01:10.200  SPELL_AURA_REMOVED,Player-1-BBB00002,"Stabby-Nightslayer",0x548,0x0,Player-1-AAA00001,"Dotkill-Nightslayer",0x511,0x0,1330,"Garrote - Silence",0x1,DEBUFF
7/29/2026 17:01:11.000  SPELL_CAST_SUCCESS,Player-1-BBB00002,"Stabby-Nightslayer",0x548,0x0,Player-1-AAA00001,"Dotkill-Nightslayer",0x511,0x0,26865,"Eviscerate",0x1
7/29/2026 17:01:11.020  SPELL_DAMAGE,Player-1-BBB00002,"Stabby-Nightslayer",0x548,0x0,Player-1-AAA00001,"Dotkill-Nightslayer",0x511,0x0,26865,"Eviscerate",0x1,2800,0,1,0,0,0,1,nil,nil
7/29/2026 17:01:12.000  SPELL_PERIODIC_DAMAGE,Player-1-AAA00001,"Dotkill-Nightslayer",0x511,0x0,Player-1-BBB00002,"Stabby-Nightslayer",0x548,0x0,27216,"Corruption",0x20,450,0,32,0,0,0,nil,nil,nil
7/29/2026 17:01:13.500  SPELL_CAST_SUCCESS,Player-1-CCC00003,"Healy-Nightslayer",0x512,0x0,Player-1-AAA00001,"Dotkill-Nightslayer",0x511,0x0,25218,"Power Word: Shield",0x2
7/29/2026 17:01:13.520  SPELL_AURA_APPLIED,Player-1-CCC00003,"Healy-Nightslayer",0x512,0x0,Player-1-AAA00001,"Dotkill-Nightslayer",0x511,0x0,25218,"Power Word: Shield",0x2,BUFF
7/29/2026 17:01:15.000  SPELL_CAST_SUCCESS,Player-1-AAA00001,"Dotkill-Nightslayer",0x511,0x0,Player-1-BBB00002,"Stabby-Nightslayer",0x548,0x0,30910,"Curse of Doom",0x20
7/29/2026 17:01:15.020  SPELL_AURA_APPLIED,Player-1-AAA00001,"Dotkill-Nightslayer",0x511,0x0,Player-1-BBB00002,"Stabby-Nightslayer",0x548,0x0,30910,"Curse of Doom",0x20,DEBUFF
7/29/2026 17:01:18.000  SWING_DAMAGE,Player-1-BBB00002,"Stabby-Nightslayer",0x548,0x0,Player-1-AAA00001,"Dotkill-Nightslayer",0x511,0x0,400,0,1,0,0,0,nil,1,nil
7/29/2026 17:01:20.000  SPELL_CAST_SUCCESS,Player-1-DDD00004,"Polybot-Nightslayer",0x548,0x0,Player-1-CCC00003,"Healy-Nightslayer",0x512,0x0,2139,"Counterspell",0x40
7/29/2026 17:01:20.010  SPELL_INTERRUPT,Player-1-DDD00004,"Polybot-Nightslayer",0x548,0x0,Player-1-CCC00003,"Healy-Nightslayer",0x512,0x0,2139,"Counterspell",0x40,25235,"Flash Heal",0x2
7/29/2026 17:01:22.000  SPELL_AURA_REMOVED,Player-1-AAA00001,"Dotkill-Nightslayer",0x511,0x0,Player-1-BBB00002,"Stabby-Nightslayer",0x548,0x0,27216,"Corruption",0x20,DEBUFF
7/29/2026 17:01:24.000  SPELL_DAMAGE,Player-1-AAA00001,"Dotkill-Nightslayer",0x511,0x0,Player-1-BBB00002,"Stabby-Nightslayer",0x548,0x0,27223,"Death Coil",0x20,1300,0,32,0,0,0,nil,nil,nil
7/29/2026 17:01:25.000  UNIT_DIED,0000000000000000,nil,0x80000000,0x0,Player-1-BBB00002,"Stabby-Nightslayer",0x548,0x0
7/29/2026 17:01:30.000  ZONE_CHANGE,0,"Shattrath City"
